2026-09-23 12:52:35.197: [INFO] CurrentProfilePath: D:\JAVA\.metadata\.plugins\org.eclipse.swt\EBWebView\Default
2026-09-23 12:52:35.197: [INFO] Profiles total count: 1
2026-09-23 12:52:35.197: [INFO] Profile: name=Profile 1 path=D:\JAVA\.metadata\.plugins\org.eclipse.swt\EBWebView\Default lastActive=null
2026-09-23 12:52:35.197: [INFO] LastUsedProfileDir: D:\JAVA\.metadata\.plugins\org.eclipse.swt\EBWebView\Default
2026-09-23 12:52:35.197: [INFO] OnDoneLoading sync enabled: 0
2026-09-23 12:52:35.197: [INFO] BookmarkModelLoaded, ids_reassigned: 0
2026-09-23 12:52:35.197: [INFO] BookmarksLoadDropped droppedNodes=0
2026-09-23 12:52:35.197: [INFO] BookmarksSnapshot Startup total=0 bar=0 other=0 mobile=0 showBar=0 showBarNTP=1
2026-09-23 12:52:39.553: [INFO] BookmarksSnapshot Shutdown total=0 bar=0 other=0 mobile=0 showBar=0 showBarNTP=1
2026-09-23 12:52:45.634: [INFO] CurrentProfilePath: D:\JAVA\.metadata\.plugins\org.eclipse.swt\EBWebView\Default
2026-09-23 12:52:45.634: [INFO] Profiles total count: 1
2026-09-23 12:52:45.635: [INFO] Profile: name=Profile 1 path=D:\JAVA\.metadata\.plugins\org.eclipse.swt\EBWebView\Default lastActive=2026-09-23T12:52:35.785Z
2026-09-23 12:52:45.635: [INFO] LastUsedProfileDir: D:\JAVA\.metadata\.plugins\org.eclipse.swt\EBWebView\Default
2026-09-23 12:52:45.635: [INFO] MostRecentlyActiveProfile: name=Profile 1 path=D:\JAVA\.metadata\.plugins\org.eclipse.swt\EBWebView\Default lastActive=2026-09-23T12:52:35.785Z
2026-09-23 12:52:45.635: [INFO] OnDoneLoading sync enabled: 0
2026-09-23 12:52:45.635: [INFO] BookmarkModelLoaded, ids_reassigned: 0
2026-09-23 12:52:45.635: [INFO] BookmarksLoadDropped droppedNodes=0
2026-09-23 12:52:45.635: [INFO] BookmarksSnapshot Startup total=0 bar=0 other=0 mobile=0 showBar=0 showBarNTP=1
2026-09-23 13:02:31.670: [INFO] BookmarksSnapshot Shutdown total=0 bar=0 other=0 mobile=0 showBar=0 showBarNTP=1
2026-09-28 11:39:24.812: [INFO] CurrentProfilePath: D:\JAVA\.metadata\.plugins\org.eclipse.swt\EBWebView\Default
2026-09-28 11:39:24.812: [INFO] Profiles total count: 1
2026-09-28 11:39:24.813: [INFO] Profile: name=Profile 1 path=D:\JAVA\.metadata\.plugins\org.eclipse.swt\EBWebView\Default lastActive=2026-09-23T12:53:01.324Z
2026-09-28 11:39:24.813: [INFO] LastUsedProfileDir: D:\JAVA\.metadata\.plugins\org.eclipse.swt\EBWebView\Default
2026-09-28 11:39:24.813: [INFO] MostRecentlyActiveProfile: name=Profile 1 path=D:\JAVA\.metadata\.plugins\org.eclipse.swt\EBWebView\Default lastActive=2026-09-23T12:53:01.324Z
2026-09-28 11:39:24.813: [INFO] OnDoneLoading sync enabled: 0
2026-09-28 11:39:24.813: [INFO] BookmarkModelLoaded, ids_reassigned: 0
2026-09-28 11:39:24.813: [INFO] BookmarksLoadDropped droppedNodes=0
2026-09-28 11:39:24.813: [INFO] BookmarksSnapshot Startup total=0 bar=0 other=0 mobile=0 showBar=0 showBarNTP=1
2026-09-28 11:41:05.782: [INFO] BookmarksSnapshot Shutdown total=0 bar=0 other=0 mobile=0 showBar=0 showBarNTP=1
2026-10-02 11:49:47.880: [INFO] CurrentProfilePath: D:\JAVA\.metadata\.plugins\org.eclipse.swt\EBWebView\Default
2026-10-02 11:49:47.880: [INFO] Profiles total count: 1
2026-10-02 11:49:47.880: [INFO] Profile: name=Profile 1 path=D:\JAVA\.metadata\.plugins\org.eclipse.swt\EBWebView\Default lastActive=2026-09-28T11:41:02.600Z
2026-10-02 11:49:47.880: [INFO] LastUsedProfileDir: D:\JAVA\.metadata\.plugins\org.eclipse.swt\EBWebView\Default
2026-10-02 11:49:47.880: [INFO] MostRecentlyActiveProfile: name=Profile 1 path=D:\JAVA\.metadata\.plugins\org.eclipse.swt\EBWebView\Default lastActive=2026-09-28T11:41:02.600Z
2026-10-02 11:49:47.880: [INFO] OnDoneLoading sync enabled: 0
2026-10-02 11:49:47.880: [INFO] BookmarkModelLoaded, ids_reassigned: 0
2026-10-02 11:49:47.880: [INFO] BookmarksLoadDropped droppedNodes=0
2026-10-02 11:49:47.880: [INFO] BookmarksSnapshot Startup total=0 bar=0 other=0 mobile=0 showBar=0 showBarNTP=1
2026-10-02 12:11:16.454: [INFO] BookmarksSnapshot Shutdown total=0 bar=0 other=0 mobile=0 showBar=0 showBarNTP=1
