{"logTime": "0923/125235", "level": "INFO", "message": "UserPrefStore loaded: error=NO_FILE (6)"}
{"logTime": "0923/125245", "level": "INFO", "message": "UserPrefStore loaded: error=NONE (0)"}
{"logTime": "0928/113924", "level": "INFO", "message": "UserPrefStore loaded: error=NONE (0)"}
{"logTime": "1002/114947", "level": "INFO", "message": "UserPrefStore loaded: error=NONE (0)"}
{"logTime": "1002/114947", "level": "INFO", "message": "Preference changed: name=extensions.last_chrome_version, new_value=\"154.0.4258.48\", source=unknown"}
{"logTime": "1002/114947", "level": "INFO", "message": "Preference changed: name=gaia_cookie.periodic_report_time_2, new_value=\"13435415387854380\", source=unknown"}
{"logTime": "1002/114947", "level": "INFO", "message": "Preference changed: name=optimization_guide.previously_registered_optimization_types, new_value=[object], source=unknown"}
{"logTime": "1002/114947", "level": "INFO", "message": "Preference changed: name=extensions.chrome_url_overrides, new_value=[object], source=unknown"}
{"logTime": "1002/114947", "level": "INFO", "message": "Preference changed: name=sessions.session_data_status, new_value=1, source=unknown"}
{"logTime": "1002/114947", "level": "INFO", "message": "Preference changed: name=sessions.event_log, new_value=[object], source=unknown"}
{"logTime": "1002/114947", "level": "INFO", "message": "Preference changed: name=optimization_guide.previously_registered_optimization_types, new_value=[object], source=unknown"}
{"logTime": "1002/114947", "level": "INFO", "message": "Preference changed: name=optimization_guide.previously_registered_optimization_types, new_value=[object], source=unknown"}
{"logTime": "1002/114947", "level": "INFO", "message": "Preference changed: name=optimization_guide.previously_registered_optimization_types, new_value=[object], source=unknown"}
{"logTime": "1002/114947", "level": "INFO", "message": "Preference changed: name=optimization_guide.previously_registered_optimization_types, new_value=[object], source=unknown"}
{"logTime": "1002/114947", "level": "INFO", "message": "Preference changed: name=optimization_guide.previously_registered_optimization_types, new_value=[object], source=unknown"}
{"logTime": "1002/114947", "level": "INFO", "message": "Preference changed: name=profile.network_pbs, new_value=[object], source=unknown"}
{"logTime": "1002/114947", "level": "INFO", "message": "Preference changed: name=extensions.settings, new_value=[object], source=unknown"}
{"logTime": "1002/114947", "level": "INFO", "message": "Preference changed: name=extensions.settings, new_value=[object], source=unknown"}
{"logTime": "1002/114947", "level": "INFO", "message": "Preference changed: name=profile.password_hash_data_list, new_value=[object], source=unknown"}
{"logTime": "1002/114947", "level": "INFO", "message": "Preference changed: name=schedule_to_flush_to_disk, new_value=\"13435415387879593\", source=unknown"}
{"logTime": "1002/114947", "level": "INFO", "message": "Preference changed: name=schedule_to_flush_to_disk, new_value=\"13435415387880144\", source=unknown"}
{"logTime": "1002/114947", "level": "INFO", "message": "Preference changed: name=muid.last_sync, new_value=\"13435415387880229\", source=unknown"}
{"logTime": "1002/114947", "level": "INFO", "message": "Preference changed: name=bookmark.storage_computation_last_update, new_value=\"13435415387880392\", source=unknown"}
{"logTime": "1002/114947", "level": "INFO", "message": "Preference changed: name=commerce_daily_metrics_last_update_time, new_value=\"13435415387882053\", source=unknown"}
{"logTime": "1002/114947", "level": "INFO", "message": "Preference changed: name=extensions.chrome_url_overrides, new_value=[object], source=unknown"}
{"logTime": "1002/114947", "level": "INFO", "message": "Preference changed: name=edge.services.signin_scoped_device_id, new_value=\"42e0c5c3-931b-45e9-8e2e-b23a5d475773\", source=unknown"}
{"logTime": "1002/114947", "level": "INFO", "message": "Preference changed: name=account_tracker_service_last_update, new_value=\"13435415387888367\", source=unknown"}
{"logTime": "1002/114947", "level": "INFO", "message": "Preference changed: name=autofill.last_version_deduped, new_value=154, source=unknown"}
{"logTime": "1002/114947", "level": "INFO", "message": "Preference changed: name=optimization_guide.previously_registered_optimization_types, new_value=[object], source=unknown"}
{"logTime": "1002/114947", "level": "INFO", "message": "Preference changed: name=autofill.credit_card_enabled, new_value=false, source=unknown"}
{"logTime": "1002/114947", "level": "INFO", "message": "Preference changed: name=enable_edge_collections, new_value=false, source=unknown"}
{"logTime": "1002/114947", "level": "INFO", "message": "Preference changed: name=resolve_navigation_errors_use_web_service.enabled, new_value=false, source=unknown"}
{"logTime": "1002/114947", "level": "INFO", "message": "Preference changed: name=alternate_error_pages.enabled, new_value=false, source=unknown"}
{"logTime": "1002/114947", "level": "INFO", "message": "Preference changed: name=optimization_guide.previously_registered_optimization_types, new_value=[object], source=unknown"}
{"logTime": "1002/114947", "level": "INFO", "message": "Preference changed: name=in_product_help.session_start_time, new_value=\"13435415387929122\", source=unknown"}
{"logTime": "1002/114947", "level": "INFO", "message": "Preference changed: name=in_product_help.session_number, new_value=4, source=unknown"}
{"logTime": "1002/114947", "level": "INFO", "message": "Preference changed: name=in_product_help.session_last_active_time, new_value=\"13435415387929122\", source=unknown"}
{"logTime": "1002/114947", "level": "INFO", "message": "Preference changed: name=in_product_help.recent_session_start_times, new_value=[object], source=unknown"}
{"logTime": "1002/114947", "level": "INFO", "message": "Preference changed: name=optimization_guide.previously_registered_optimization_types, new_value=[object], source=unknown"}
{"logTime": "1002/114947", "level": "INFO", "message": "Preference changed: name=profile.content_settings.exceptions.storage_access_header_origin_trial, new_value=[object], source=unknown"}
{"logTime": "1002/114947", "level": "INFO", "message": "Preference changed: name=autocomplete.retention_policy_last_version, new_value=154, source=unknown"}
{"logTime": "1002/114948", "level": "INFO", "message": "Preference changed: name=profile.content_settings.exceptions.site_engagement, new_value=[object], source=unknown"}
{"logTime": "1002/114948", "level": "INFO", "message": "Preference changed: name=profile.last_engagement_time, new_value=\"13435386588032380\", source=unknown"}
{"logTime": "1002/114948", "level": "INFO", "message": "Preference changed: name=edge_rewards.refresh_status_muted_until, new_value=\"13436020188077931\", source=unknown"}
{"logTime": "1002/114948", "level": "INFO", "message": "Preference changed: name=fsd.retention_policy_last_version, new_value=154, source=unknown"}
{"logTime": "1002/114950", "level": "INFO", "message": "Preference changed: name=profile.content_settings.exceptions.site_engagement, new_value=[object], source=unknown"}
{"logTime": "1002/114950", "level": "INFO", "message": "Preference changed: name=profile.last_engagement_time, new_value=\"13435415390037499\", source=unknown"}
{"logTime": "1002/114950", "level": "INFO", "message": "Preference changed: name=profile.content_settings.exceptions.site_engagement, new_value=[object], source=unknown"}
{"logTime": "1002/114950", "level": "INFO", "message": "Preference changed: name=profile.last_engagement_time, new_value=\"13435415390040518\", source=unknown"}
{"logTime": "1002/114950", "level": "INFO", "message": "Preference changed: name=language_model_counters, new_value=[object], source=unknown"}
{"logTime": "1002/114957", "level": "INFO", "message": "PrefStore write completed: store=4, success=true"}
{"logTime": "1002/114957", "level": "INFO", "message": "PrefStore write completed: store=4, success=true"}
{"logTime": "1002/114957", "level": "INFO", "message": "Preference changed: name=edge.bookmarks.last_dup_info_record_time, new_value=\"13435415397887457\", source=unknown"}
{"logTime": "1002/115002", "level": "INFO", "message": "Preference changed: name=in_product_help.session_last_active_time, new_value=\"13435415402933515\", source=unknown"}
{"logTime": "1002/115006", "level": "INFO", "message": "Preference changed: name=language_dwell_time_average, new_value=[object], source=unknown"}
{"logTime": "1002/115006", "level": "INFO", "message": "Preference changed: name=language_usage_count, new_value=[object], source=unknown"}
{"logTime": "1002/115006", "level": "INFO", "message": "Preference changed: name=profile.content_settings.exceptions.media_engagement, new_value=[object], source=unknown"}
{"logTime": "1002/115006", "level": "INFO", "message": "Preference changed: name=sessions.event_log, new_value=[object], source=unknown"}
{"logTime": "1002/115007", "level": "INFO", "message": "PrefStore write completed: store=4, success=true"}
{"logTime": "1002/115014", "level": "INFO", "message": "Preference changed: name=profile.observed_session_time, new_value=[object], source=unknown"}
{"logTime": "1002/115017", "level": "INFO", "message": "Preference changed: name=profile.last_time_password_store_metrics_reported, new_value=1790941817.86222, source=unknown"}
{"logTime": "1002/115017", "level": "INFO", "message": "Preference changed: name=edge_wallet.passwords.password_lost_report_date, new_value=\"13435415417862485\", source=unknown"}
{"logTime": "1002/115024", "level": "INFO", "message": "PrefStore write completed: store=4, success=true"}
{"logTime": "1002/121116", "level": "INFO", "message": "Preference changed: name=language_dwell_time_average, new_value=[object], source=unknown"}
{"logTime": "1002/121116", "level": "INFO", "message": "Preference changed: name=language_usage_count, new_value=[object], source=unknown"}
{"logTime": "1002/121116", "level": "INFO", "message": "Preference changed: name=profile.content_settings.exceptions.media_engagement, new_value=[object], source=unknown"}
{"logTime": "1002/121116", "level": "INFO", "message": "Preference changed: name=profile.observed_session_time, new_value=[object], source=unknown"}
{"logTime": "1002/121116", "level": "INFO", "message": "Preference changed: name=sessions.session_data_status, new_value=2, source=unknown"}
{"logTime": "1002/121116", "level": "INFO", "message": "Preference changed: name=sessions.session_data_status, new_value=3, source=unknown"}
